// Jest Snapshot v1, https://goo.gl/fbAQLP

exports[`Testing Chapter 8 code. Matches the snapshot. 1`] = `
{
  "Mappings": {
    "AWSCloudFrontPartitionHostedZoneIdMap": {
      "aws": {
        "zoneId": "Z2FDTNDATAQYW2",
      },
      "aws-cn": {
        "zoneId": "Z3RFFRIM2A3IF5",
      },
    },
  },
  "Outputs": {
    "ApiGatewaytestfinalstackrestapiEndpointE6A7B2B3": {
      "Value": {
        "Fn::Join": [
          "",
          [
            "https://",
            {
              "Ref": "ApiGatewaytestfinalstackrestapiFE5C68A6",
            },
            ".execute-api.us-east-1.",
            {
              "Ref": "AWS::URLSuffix",
            },
            "/",
            {
              "Ref": "ApiGatewaytestfinalstackrestapiDeploymentStagesetupci4051A32F",
            },
            "/",
          ],
        ],
      },
    },
    "FrontendUrl": {
      "Value": {
        "Fn::GetAtt": [
          "webbuckettest9f86d081AAD42002",
          "WebsiteURL",
        ],
      },
    },
  },
  "Parameters": {
    "BootstrapVersion": {
      "Default": "/cdk-bootstrap/hnb659fds/version",
      "Description": "Version of the CDK Bootstrap resources in this environment, automatically retrieved from SSM Parameter Store. [cdk:skip]",
      "Type": "AWS::SSM::Parameter::Value<String>",
    },
  },
  "Resources": {
    "ApiGatewaytestBackendAliasRecord48DF4F4F": {
      "Properties": {
        "AliasTarget": {
          "DNSName": {
            "Fn::GetAtt": [
              "ApiGatewaytestfinalstackrestapiCustomDomain84895D3B",
              "RegionalDomainName",
            ],
          },
          "HostedZoneId": {
            "Fn::GetAtt": [
              "ApiGatewaytestfinalstackrestapiCustomDomain84895D3B",
              "RegionalHostedZoneId",
            ],
          },
        },
        "HostedZoneId": "DUMMY",
        "Name": "setup-ci-backend-cdk-book.cdkbookmurat.click.",
        "Type": "A",
      },
      "Type": "AWS::Route53::RecordSet",
    },
    "ApiGatewaytestdynamodelete01FCE1A5": {
      "DependsOn": [
        "ApiGatewaytestdynamodeleteServiceRoleDefaultPolicy23798C10",
        "ApiGatewaytestdynamodeleteServiceRoleC93BEDF5",
      ],
      "Properties": {
        "Code": {
          "S3Bucket": "cdk-hnb659fds-assets-721520867440-us-east-1",
          "S3Key": "f0540c8dbc30e706531400ac759a0f7ad99bd039e767a0712ba36e5ca929a021.zip",
        },
        "Environment": {
          "Variables": {
            "AWS_NODEJS_CONNECTION_REUSE_ENABLED": "1",
            "NODE_ENV": "test",
            "REGION": "us-east-1",
            "TABLE_NAME": {
              "Ref": "DynamotestDynamoTabletestFDC1D2D6",
            },
          },
        },
        "Handler": "index.handler",
        "Role": {
          "Fn::GetAtt": [
            "ApiGatewaytestdynamodeleteServiceRoleC93BEDF5",
            "Arn",
          ],
        },
        "Runtime": "nodejs16.x",
        "Timeout": 30,
      },
      "Type": "AWS::Lambda::Function",
    },
    "ApiGatewaytestdynamodeleteLogRetentionC5E655D1": {
      "Properties": {
        "LogGroupName": {
          "Fn::Join": [
            "",
            [
              "/aws/lambda/",
              {
                "Ref": "ApiGatewaytestdynamodelete01FCE1A5",
              },
            ],
          ],
        },
        "RetentionInDays": 14,
        "ServiceToken": {
          "Fn::GetAtt": [
            "LogRetentionaae0aa3c5b4d4f87b02d85b201efdd8aFD4BFC8A",
            "Arn",
          ],
        },
      },
      "Type": "Custom::LogRetention",
    },
    "ApiGatewaytestdynamodeleteServiceRoleC93BEDF5": {
      "Properties": {
        "AssumeRolePolicyDocument": {
          "Statement": [
            {
              "Action": "sts:AssumeRole",
              "Effect": "Allow",
              "Principal": {
                "Service": "lambda.amazonaws.com",
              },
            },
          ],
          "Version": "2012-10-17",
        },
        "ManagedPolicyArns": [
          {
            "Fn::Join": [
              "",
              [
                "arn:",
                {
                  "Ref": "AWS::Partition",
                },
                ":iam::aws:policy/service-role/AWSLambdaBasicExecutionRole",
              ],
            ],
          },
        ],
      },
      "Type": "AWS::IAM::Role",
    },
    "ApiGatewaytestdynamodeleteServiceRoleDefaultPolicy23798C10": {
      "Properties": {
        "PolicyDocument": {
          "Statement": [
            {
              "Action": [
                "dynamodb:BatchWriteItem",
                "dynamodb:PutItem",
                "dynamodb:UpdateItem",
                "dynamodb:DeleteItem",
                "dynamodb:DescribeTable",
              ],
              "Effect": "Allow",
              "Resource": [
                {
                  "Fn::GetAtt": [
                    "DynamotestDynamoTabletestFDC1D2D6",
                    "Arn",
                  ],
                },
                {
                  "Ref": "AWS::NoValue",
                },
              ],
            },
          ],
          "Version": "2012-10-17",
        },
        "PolicyName": "ApiGatewaytestdynamodeleteServiceRoleDefaultPolicy23798C10",
        "Roles": [
          {
            "Ref": "ApiGatewaytestdynamodeleteServiceRoleC93BEDF5",
          },
        ],
      },
      "Type": "AWS::IAM::Policy",
    },
    "ApiGatewaytestdynamoget27D16C29": {
      "DependsOn": [
        "ApiGatewaytestdynamogetServiceRoleDefaultPolicyC80FAEBC",
        "ApiGatewaytestdynamogetServiceRoleD2150BC5",
      ],
      "Properties": {
        "Code": {
          "S3Bucket": "cdk-hnb659fds-assets-721520867440-us-east-1",
          "S3Key": "f8cd97a293e88e3f48e027a2effa922255206155473fa950686a67780fbdb773.zip",
        },
        "Environment": {
          "Variables": {
            "AWS_NODEJS_CONNECTION_REUSE_ENABLED": "1",
            "NODE_ENV": "test",
            "REGION": "us-east-1",
            "TABLE_NAME": {
              "Ref": "DynamotestDynamoTabletestFDC1D2D6",
            },
          },
        },
        "Handler": "index.handler",
        "Role": {
          "Fn::GetAtt": [
            "ApiGatewaytestdynamogetServiceRoleD2150BC5",
            "Arn",
          ],
        },
        "Runtime": "nodejs16.x",
        "Timeout": 30,
      },
      "Type": "AWS::Lambda::Function",
    },
    "ApiGatewaytestdynamogetLogRetention7C9CC8FB": {
      "Properties": {
        "LogGroupName": {
          "Fn::Join": [
            "",
            [
              "/aws/lambda/",
              {
                "Ref": "ApiGatewaytestdynamoget27D16C29",
              },
            ],
          ],
        },
        "RetentionInDays": 14,
        "ServiceToken": {
          "Fn::GetAtt": [
            "LogRetentionaae0aa3c5b4d4f87b02d85b201efdd8aFD4BFC8A",
            "Arn",
          ],
        },
      },
      "Type": "Custom::LogRetention",
    },
    "ApiGatewaytestdynamogetServiceRoleD2150BC5": {
      "Properties": {
        "AssumeRolePolicyDocument": {
          "Statement": [
            {
              "Action": "sts:AssumeRole",
              "Effect": "Allow",
              "Principal": {
                "Service": "lambda.amazonaws.com",
              },
            },
          ],
          "Version": "2012-10-17",
        },
        "ManagedPolicyArns": [
          {
            "Fn::Join": [
              "",
              [
                "arn:",
                {
                  "Ref": "AWS::Partition",
                },
                ":iam::aws:policy/service-role/AWSLambdaBasicExecutionRole",
              ],
            ],
          },
        ],
      },
      "Type": "AWS::IAM::Role",
    },
    "ApiGatewaytestdynamogetServiceRoleDefaultPolicyC80FAEBC": {
      "Properties": {
        "PolicyDocument": {
          "Statement": [
            {
              "Action": [
                "dynamodb:BatchGetItem",
                "dynamodb:GetRecords",
                "dynamodb:GetShardIterator",
                "dynamodb:Query",
                "dynamodb:GetItem",
                "dynamodb:Scan",
                "dynamodb:ConditionCheckItem",
                "dynamodb:DescribeTable",
              ],
              "Effect": "Allow",
              "Resource": [
                {
                  "Fn::GetAtt": [
                    "DynamotestDynamoTabletestFDC1D2D6",
                    "Arn",
                  ],
                },
                {
                  "Ref": "AWS::NoValue",
                },
              ],
            },
          ],
          "Version": "2012-10-17",
        },
        "PolicyName": "ApiGatewaytestdynamogetServiceRoleDefaultPolicyC80FAEBC",
        "Roles": [
          {
            "Ref": "ApiGatewaytestdynamogetServiceRoleD2150BC5",
          },
        ],
      },
      "Type": "AWS::IAM::Policy",
    },
    "ApiGatewaytestdynamopost31E3311E": {
      "DependsOn": [
        "ApiGatewaytestdynamopostServiceRoleDefaultPolicyC544D58C",
        "ApiGatewaytestdynamopostServiceRole19643F09",
      ],
      "Properties": {
        "Code": {
          "S3Bucket": "cdk-hnb659fds-assets-721520867440-us-east-1",
          "S3Key": "9740d28e6034efae02bb46381b710b04ae6d65c57ea37e108096007ab2b315c2.zip",
        },
        "Environment": {
          "Variables": {
            "AWS_NODEJS_CONNECTION_REUSE_ENABLED": "1",
            "NODE_ENV": "test",
            "REGION": "us-east-1",
            "TABLE_NAME": {
              "Ref": "DynamotestDynamoTabletestFDC1D2D6",
            },
          },
        },
        "Handler": "index.handler",
        "Role": {
          "Fn::GetAtt": [
            "ApiGatewaytestdynamopostServiceRole19643F09",
            "Arn",
          ],
        },
        "Runtime": "nodejs16.x",
        "Timeout": 30,
      },
      "Type": "AWS::Lambda::Function",
    },
    "ApiGatewaytestdynamopostLogRetentionDB0F45B6": {
      "Properties": {
        "LogGroupName": {
          "Fn::Join": [
            "",
            [
              "/aws/lambda/",
              {
                "Ref": "ApiGatewaytestdynamopost31E3311E",
              },
            ],
          ],
        },
        "RetentionInDays": 14,
        "ServiceToken": {
          "Fn::GetAtt": [
            "LogRetentionaae0aa3c5b4d4f87b02d85b201efdd8aFD4BFC8A",
            "Arn",
          ],
        },
      },
      "Type": "Custom::LogRetention",
    },
    "ApiGatewaytestdynamopostServiceRole19643F09": {
      "Properties": {
        "AssumeRolePolicyDocument": {
          "Statement": [
            {
              "Action": "sts:AssumeRole",
              "Effect": "Allow",
              "Principal": {
                "Service": "lambda.amazonaws.com",
              },
            },
          ],
          "Version": "2012-10-17",
        },
        "ManagedPolicyArns": [
          {
            "Fn::Join": [
              "",
              [
                "arn:",
                {
                  "Ref": "AWS::Partition",
                },
                ":iam::aws:policy/service-role/AWSLambdaBasicExecutionRole",
              ],
            ],
          },
        ],
      },
      "Type": "AWS::IAM::Role",
    },
    "ApiGatewaytestdynamopostServiceRoleDefaultPolicyC544D58C": {
      "Properties": {
        "PolicyDocument": {
          "Statement": [
            {
              "Action": [
                "dynamodb:BatchWriteItem",
                "dynamodb:PutItem",
                "dynamodb:UpdateItem",
                "dynamodb:DeleteItem",
                "dynamodb:DescribeTable",
              ],
              "Effect": "Allow",
              "Resource": [
                {
                  "Fn::GetAtt": [
                    "DynamotestDynamoTabletestFDC1D2D6",
                    "Arn",
                  ],
                },
                {
                  "Ref": "AWS::NoValue",
                },
              ],
            },
          ],
          "Version": "2012-10-17",
        },
        "PolicyName": "ApiGatewaytestdynamopostServiceRoleDefaultPolicyC544D58C",
        "Roles": [
          {
            "Ref": "ApiGatewaytestdynamopostServiceRole19643F09",
          },
        ],
      },
      "Type": "AWS::IAM::Policy",
    },
    "ApiGatewaytestdynamoputF5D32B22": {
      "DependsOn": [
        "ApiGatewaytestdynamoputServiceRoleDefaultPolicy084780F0",
        "ApiGatewaytestdynamoputServiceRole8B457286",
      ],
      "Properties": {
        "Code": {
          "S3Bucket": "cdk-hnb659fds-assets-721520867440-us-east-1",
          "S3Key": "b19a8266c1e0004fffc8970390b3b30e943a419c695e8c3ba1722013ec14870f.zip",
        },
        "Environment": {
          "Variables": {
            "AWS_NODEJS_CONNECTION_REUSE_ENABLED": "1",
            "NODE_ENV": "test",
            "REGION": "us-east-1",
            "TABLE_NAME": {
              "Ref": "DynamotestDynamoTabletestFDC1D2D6",
            },
          },
        },
        "Handler": "index.handler",
        "Role": {
          "Fn::GetAtt": [
            "ApiGatewaytestdynamoputServiceRole8B457286",
            "Arn",
          ],
        },
        "Runtime": "nodejs16.x",
        "Timeout": 30,
      },
      "Type": "AWS::Lambda::Function",
    },
    "ApiGatewaytestdynamoputLogRetentionA0BFC61B": {
      "Properties": {
        "LogGroupName": {
          "Fn::Join": [
            "",
            [
              "/aws/lambda/",
              {
                "Ref": "ApiGatewaytestdynamoputF5D32B22",
              },
            ],
          ],
        },
        "RetentionInDays": 14,
        "ServiceToken": {
          "Fn::GetAtt": [
            "LogRetentionaae0aa3c5b4d4f87b02d85b201efdd8aFD4BFC8A",
            "Arn",
          ],
        },
      },
      "Type": "Custom::LogRetention",
    },
    "ApiGatewaytestdynamoputServiceRole8B457286": {
      "Properties": {
        "AssumeRolePolicyDocument": {
          "Statement": [
            {
              "Action": "sts:AssumeRole",
              "Effect": "Allow",
              "Principal": {
                "Service": "lambda.amazonaws.com",
              },
            },
          ],
          "Version": "2012-10-17",
        },
        "ManagedPolicyArns": [
          {
            "Fn::Join": [
              "",
              [
                "arn:",
                {
                  "Ref": "AWS::Partition",
                },
                ":iam::aws:policy/service-role/AWSLambdaBasicExecutionRole",
              ],
            ],
          },
        ],
      },
      "Type": "AWS::IAM::Role",
    },
    "ApiGatewaytestdynamoputServiceRoleDefaultPolicy084780F0": {
      "Properties": {
        "PolicyDocument": {
          "Statement": [
            {
              "Action": [
                "dynamodb:BatchWriteItem",
                "dynamodb:PutItem",
                "dynamodb:UpdateItem",
                "dynamodb:DeleteItem",
                "dynamodb:DescribeTable",
              ],
              "Effect": "Allow",
              "Resource": [
                {
                  "Fn::GetAtt": [
                    "DynamotestDynamoTabletestFDC1D2D6",
                    "Arn",
                  ],
                },
                {
                  "Ref": "AWS::NoValue",
                },
              ],
            },
          ],
          "Version": "2012-10-17",
        },
        "PolicyName": "ApiGatewaytestdynamoputServiceRoleDefaultPolicy084780F0",
        "Roles": [
          {
            "Ref": "ApiGatewaytestdynamoputServiceRole8B457286",
          },
        ],
      },
      "Type": "AWS::IAM::Policy",
    },
    "ApiGatewaytestfinalstackrestapiAccountB5C92AF9": {
      "DependsOn": [
        "ApiGatewaytestfinalstackrestapiFE5C68A6",
      ],
      "Properties": {
        "CloudWatchRoleArn": {
          "Fn::GetAtt": [
            "ApiGatewaytestfinalstackrestapiCloudWatchRoleE858685C",
            "Arn",
          ],
        },
      },
      "Type": "AWS::ApiGateway::Account",
    },
    "ApiGatewaytestfinalstackrestapiCloudWatchRoleE858685C": {
      "Properties": {
        "AssumeRolePolicyDocument": {
          "Statement": [
            {
              "Action": "sts:AssumeRole",
              "Effect": "Allow",
              "Principal": {
                "Service": "apigateway.amazonaws.com",
              },
            },
          ],
          "Version": "2012-10-17",
        },
        "ManagedPolicyArns": [
          {
            "Fn::Join": [
              "",
              [
                "arn:",
                {
                  "Ref": "AWS::Partition",
                },
                ":iam::aws:policy/service-role/AmazonAPIGatewayPushToCloudWatchLogs",
              ],
            ],
          },
        ],
      },
      "Type": "AWS::IAM::Role",
    },
    "ApiGatewaytestfinalstackrestapiCustomDomain84895D3B": {
      "Properties": {
        "DomainName": "setup-ci-backend-cdk-book.cdkbookmurat.click",
        "EndpointConfiguration": {
          "Types": [
            "REGIONAL",
          ],
        },
        "RegionalCertificateArn": {
          "Fn::GetAtt": [
            "CertificateCertificateRequestorResource2890C6B7",
            "Arn",
          ],
        },
        "SecurityPolicy": "TLS_1_2",
      },
      "Type": "AWS::ApiGateway::DomainName",
    },
    "ApiGatewaytestfinalstackrestapiCustomDomainMapChapter8StackApiGatewaytestfinalstackrestapi4EB62DC1BB59A7FD": {
      "Properties": {
        "DomainName": {
          "Ref": "ApiGatewaytestfinalstackrestapiCustomDomain84895D3B",
        },
        "RestApiId": {
          "Ref": "ApiGatewaytestfinalstackrestapiFE5C68A6",
        },
        "Stage": {
          "Ref": "ApiGatewaytestfinalstackrestapiDeploymentStagesetupci4051A32F",
        },
      },
      "Type": "AWS::ApiGateway::BasePathMapping",
    },
    "ApiGatewaytestfinalstackrestapiDeployment64F070737b9ff7b58f90001c10de809fbe52436d": {
      "DependsOn": [
        "ApiGatewaytestfinalstackrestapiidDELETE06C48B60",
        "ApiGatewaytestfinalstackrestapiidOPTIONSC71ADFA6",
        "ApiGatewaytestfinalstackrestapiidPUT0E5F7CE5",
        "ApiGatewaytestfinalstackrestapiid97EFAD39",
        "ApiGatewaytestfinalstackrestapiGET23FA1C21",
        "ApiGatewaytestfinalstackrestapihealthcheckGETC48A8DF9",
        "ApiGatewaytestfinalstackrestapihealthcheckOPTIONS4548A17F",
        "ApiGatewaytestfinalstackrestapihealthcheck3CF558DE",
        "ApiGatewaytestfinalstackrestapiOPTIONS6C08A203",
        "ApiGatewaytestfinalstackrestapiPOSTD9566A6A",
      ],
      "Properties": {
        "Description": "serverless api using lambda functions",
        "RestApiId": {
          "Ref": "ApiGatewaytestfinalstackrestapiFE5C68A6",
        },
      },
      "Type": "AWS::ApiGateway::Deployment",
    },
    "ApiGatewaytestfinalstackrestapiDeploymentStagesetupci4051A32F": {
      "DependsOn": [
        "ApiGatewaytestfinalstackrestapiAccountB5C92AF9",
      ],
      "Properties": {
        "DeploymentId": {
          "Ref": "ApiGatewaytestfinalstackrestapiDeployment64F070737b9ff7b58f90001c10de809fbe52436d",
        },
        "RestApiId": {
          "Ref": "ApiGatewaytestfinalstackrestapiFE5C68A6",
        },
        "StageName": "setup-ci",
      },
      "Type": "AWS::ApiGateway::Stage",
    },
    "ApiGatewaytestfinalstackrestapiFE5C68A6": {
      "Properties": {
        "Description": "serverless api using lambda functions",
        "Name": "finalstack-rest-api-test",
      },
      "Type": "AWS::ApiGateway::RestApi",
    },
    "ApiGatewaytestfinalstackrestapiGET23FA1C21": {
      "Properties": {
        "AuthorizationType": "NONE",
        "HttpMethod": "GET",
        "Integration": {
          "IntegrationHttpMethod": "POST",
          "Type": "AWS_PROXY",
          "Uri": {
            "Fn::Join": [
              "",
              [
                "arn:",
                {
                  "Ref": "AWS::Partition",
                },
                ":apigateway:us-east-1:lambda:path/2015-03-31/functions/",
                {
                  "Fn::GetAtt": [
                    "ApiGatewaytestdynamoget27D16C29",
                    "Arn",
                  ],
                },
                "/invocations",
              ],
            ],
          },
        },
        "ResourceId": {
          "Fn::GetAtt": [
            "ApiGatewaytestfinalstackrestapiFE5C68A6",
            "RootResourceId",
          ],
        },
        "RestApiId": {
          "Ref": "ApiGatewaytestfinalstackrestapiFE5C68A6",
        },
      },
      "Type": "AWS::ApiGateway::Method",
    },
    "ApiGatewaytestfinalstackrestapiGETApiPermissionChapter8StackApiGatewaytestfinalstackrestapi4EB62DC1GET8B98D720": {
      "Properties": {
        "Action": "lambda:InvokeFunction",
        "FunctionName": {
          "Fn::GetAtt": [
            "ApiGatewaytestdynamoget27D16C29",
            "Arn",
          ],
        },
        "Principal": "apigateway.amazonaws.com",
        "SourceArn": {
          "Fn::Join": [
            "",
            [
              "arn:",
              {
                "Ref": "AWS::Partition",
              },
              ":execute-api:us-east-1:721520867440:",
              {
                "Ref": "ApiGatewaytestfinalstackrestapiFE5C68A6",
              },
              "/",
              {
                "Ref": "ApiGatewaytestfinalstackrestapiDeploymentStagesetupci4051A32F",
              },
              "/GET/",
            ],
          ],
        },
      },
      "Type": "AWS::Lambda::Permission",
    },
    "ApiGatewaytestfinalstackrestapiGETApiPermissionTestChapter8StackApiGatewaytestfinalstackrestapi4EB62DC1GETC2ACAC06": {
      "Properties": {
        "Action": "lambda:InvokeFunction",
        "FunctionName": {
          "Fn::GetAtt": [
            "ApiGatewaytestdynamoget27D16C29",
            "Arn",
          ],
        },
        "Principal": "apigateway.amazonaws.com",
        "SourceArn": {
          "Fn::Join": [
            "",
            [
              "arn:",
              {
                "Ref": "AWS::Partition",
              },
              ":execute-api:us-east-1:721520867440:",
              {
                "Ref": "ApiGatewaytestfinalstackrestapiFE5C68A6",
              },
              "/test-invoke-stage/GET/",
            ],
          ],
        },
      },
      "Type": "AWS::Lambda::Permission",
    },
    "ApiGatewaytestfinalstackrestapiOPTIONS6C08A203": {
      "Properties": {
        "AuthorizationType": "NONE",
        "HttpMethod": "OPTIONS",
        "Integration": {
          "IntegrationResponses": [
            {
              "ResponseParameters": {
                "method.response.header.Access-Control-Allow-Headers": "'*'",
                "method.response.header.Access-Control-Allow-Methods": "'*'",
                "method.response.header.Access-Control-Allow-Origin": "'*'",
              },
              "StatusCode": "204",
            },
          ],
          "RequestTemplates": {
            "application/json": "{ statusCode: 200 }",
          },
          "Type": "MOCK",
        },
        "MethodResponses": [
          {
            "ResponseParameters": {
              "method.response.header.Access-Control-Allow-Headers": true,
              "method.response.header.Access-Control-Allow-Methods": true,
              "method.response.header.Access-Control-Allow-Origin": true,
            },
            "StatusCode": "204",
          },
        ],
        "ResourceId": {
          "Fn::GetAtt": [
            "ApiGatewaytestfinalstackrestapiFE5C68A6",
            "RootResourceId",
          ],
        },
        "RestApiId": {
          "Ref": "ApiGatewaytestfinalstackrestapiFE5C68A6",
        },
      },
      "Type": "AWS::ApiGateway::Method",
    },
    "ApiGatewaytestfinalstackrestapiPOSTApiPermissionChapter8StackApiGatewaytestfinalstackrestapi4EB62DC1POSTDED5D9EF": {
      "Properties": {
        "Action": "lambda:InvokeFunction",
        "FunctionName": {
          "Fn::GetAtt": [
            "ApiGatewaytestdynamopost31E3311E",
            "Arn",
          ],
        },
        "Principal": "apigateway.amazonaws.com",
        "SourceArn": {
          "Fn::Join": [
            "",
            [
              "arn:",
              {
                "Ref": "AWS::Partition",
              },
              ":execute-api:us-east-1:721520867440:",
              {
                "Ref": "ApiGatewaytestfinalstackrestapiFE5C68A6",
              },
              "/",
              {
                "Ref": "ApiGatewaytestfinalstackrestapiDeploymentStagesetupci4051A32F",
              },
              "/POST/",
            ],
          ],
        },
      },
      "Type": "AWS::Lambda::Permission",
    },
    "ApiGatewaytestfinalstackrestapiPOSTApiPermissionTestChapter8StackApiGatewaytestfinalstackrestapi4EB62DC1POSTFAF19156": {
      "Properties": {
        "Action": "lambda:InvokeFunction",
        "FunctionName": {
          "Fn::GetAtt": [
            "ApiGatewaytestdynamopost31E3311E",
            "Arn",
          ],
        },
        "Principal": "apigateway.amazonaws.com",
        "SourceArn": {
          "Fn::Join": [
            "",
            [
              "arn:",
              {
                "Ref": "AWS::Partition",
              },
              ":execute-api:us-east-1:721520867440:",
              {
                "Ref": "ApiGatewaytestfinalstackrestapiFE5C68A6",
              },
              "/test-invoke-stage/POST/",
            ],
          ],
        },
      },
      "Type": "AWS::Lambda::Permission",
    },
    "ApiGatewaytestfinalstackrestapiPOSTD9566A6A": {
      "Properties": {
        "AuthorizationType": "NONE",
        "HttpMethod": "POST",
        "Integration": {
          "IntegrationHttpMethod": "POST",
          "Type": "AWS_PROXY",
          "Uri": {
            "Fn::Join": [
              "",
              [
                "arn:",
                {
                  "Ref": "AWS::Partition",
                },
                ":apigateway:us-east-1:lambda:path/2015-03-31/functions/",
                {
                  "Fn::GetAtt": [
                    "ApiGatewaytestdynamopost31E3311E",
                    "Arn",
                  ],
                },
                "/invocations",
              ],
            ],
          },
        },
        "ResourceId": {
          "Fn::GetAtt": [
            "ApiGatewaytestfinalstackrestapiFE5C68A6",
            "RootResourceId",
          ],
        },
        "RestApiId": {
          "Ref": "ApiGatewaytestfinalstackrestapiFE5C68A6",
        },
      },
      "Type": "AWS::ApiGateway::Method",
    },
    "ApiGatewaytestfinalstackrestapihealthcheck3CF558DE": {
      "Properties": {
        "ParentId": {
          "Fn::GetAtt": [
            "ApiGatewaytestfinalstackrestapiFE5C68A6",
            "RootResourceId",
          ],
        },
        "PathPart": "healthcheck",
        "RestApiId": {
          "Ref": "ApiGatewaytestfinalstackrestapiFE5C68A6",
        },
      },
      "Type": "AWS::ApiGateway::Resource",
    },
    "ApiGatewaytestfinalstackrestapihealthcheckGETApiPermissionChapter8StackApiGatewaytestfinalstackrestapi4EB62DC1GEThealthcheckCDB8492D": {
      "Properties": {
        "Action": "lambda:InvokeFunction",
        "FunctionName": {
          "Fn::GetAtt": [
            "ApiGatewaytesthealthchecklambdaC9F6C9EC",
            "Arn",
          ],
        },
        "Principal": "apigateway.amazonaws.com",
        "SourceArn": {
          "Fn::Join": [
            "",
            [
              "arn:",
              {
                "Ref": "AWS::Partition",
              },
              ":execute-api:us-east-1:721520867440:",
              {
                "Ref": "ApiGatewaytestfinalstackrestapiFE5C68A6",
              },
              "/",
              {
                "Ref": "ApiGatewaytestfinalstackrestapiDeploymentStagesetupci4051A32F",
              },
              "/GET/healthcheck",
            ],
          ],
        },
      },
      "Type": "AWS::Lambda::Permission",
    },
    "ApiGatewaytestfinalstackrestapihealthcheckGETApiPermissionTestChapter8StackApiGatewaytestfinalstackrestapi4EB62DC1GEThealthcheck74D484F4": {
      "Properties": {
        "Action": "lambda:InvokeFunction",
        "FunctionName": {
          "Fn::GetAtt": [
            "ApiGatewaytesthealthchecklambdaC9F6C9EC",
            "Arn",
          ],
        },
        "Principal": "apigateway.amazonaws.com",
        "SourceArn": {
          "Fn::Join": [
            "",
            [
              "arn:",
              {
                "Ref": "AWS::Partition",
              },
              ":execute-api:us-east-1:721520867440:",
              {
                "Ref": "ApiGatewaytestfinalstackrestapiFE5C68A6",
              },
              "/test-invoke-stage/GET/healthcheck",
            ],
          ],
        },
      },
      "Type": "AWS::Lambda::Permission",
    },
    "ApiGatewaytestfinalstackrestapihealthcheckGETC48A8DF9": {
      "Properties": {
        "AuthorizationType": "NONE",
        "HttpMethod": "GET",
        "Integration": {
          "IntegrationHttpMethod": "POST",
          "Type": "AWS_PROXY",
          "Uri": {
            "Fn::Join": [
              "",
              [
                "arn:",
                {
                  "Ref": "AWS::Partition",
                },
                ":apigateway:us-east-1:lambda:path/2015-03-31/functions/",
                {
                  "Fn::GetAtt": [
                    "ApiGatewaytesthealthchecklambdaC9F6C9EC",
                    "Arn",
                  ],
                },
                "/invocations",
              ],
            ],
          },
        },
        "ResourceId": {
          "Ref": "ApiGatewaytestfinalstackrestapihealthcheck3CF558DE",
        },
        "RestApiId": {
          "Ref": "ApiGatewaytestfinalstackrestapiFE5C68A6",
        },
      },
      "Type": "AWS::ApiGateway::Method",
    },
    "ApiGatewaytestfinalstackrestapihealthcheckOPTIONS4548A17F": {
      "Properties": {
        "AuthorizationType": "NONE",
        "HttpMethod": "OPTIONS",
        "Integration": {
          "IntegrationResponses": [
            {
              "ResponseParameters": {
                "method.response.header.Access-Control-Allow-Headers": "'*'",
                "method.response.header.Access-Control-Allow-Methods": "'*'",
                "method.response.header.Access-Control-Allow-Origin": "'*'",
              },
              "StatusCode": "204",
            },
          ],
          "RequestTemplates": {
            "application/json": "{ statusCode: 200 }",
          },
          "Type": "MOCK",
        },
        "MethodResponses": [
          {
            "ResponseParameters": {
              "method.response.header.Access-Control-Allow-Headers": true,
              "method.response.header.Access-Control-Allow-Methods": true,
              "method.response.header.Access-Control-Allow-Origin": true,
            },
            "StatusCode": "204",
          },
        ],
        "ResourceId": {
          "Ref": "ApiGatewaytestfinalstackrestapihealthcheck3CF558DE",
        },
        "RestApiId": {
          "Ref": "ApiGatewaytestfinalstackrestapiFE5C68A6",
        },
      },
      "Type": "AWS::ApiGateway::Method",
    },
    "ApiGatewaytestfinalstackrestapiid97EFAD39": {
      "Properties": {
        "ParentId": {
          "Fn::GetAtt": [
            "ApiGatewaytestfinalstackrestapiFE5C68A6",
            "RootResourceId",
          ],
        },
        "PathPart": "{id}",
        "RestApiId": {
          "Ref": "ApiGatewaytestfinalstackrestapiFE5C68A6",
        },
      },
      "Type": "AWS::ApiGateway::Resource",
    },
    "ApiGatewaytestfinalstackrestapiidDELETE06C48B60": {
      "Properties": {
        "AuthorizationType": "NONE",
        "HttpMethod": "DELETE",
        "Integration": {
          "IntegrationHttpMethod": "POST",
          "Type": "AWS_PROXY",
          "Uri": {
            "Fn::Join": [
              "",
              [
                "arn:",
                {
                  "Ref": "AWS::Partition",
                },
                ":apigateway:us-east-1:lambda:path/2015-03-31/functions/",
                {
                  "Fn::GetAtt": [
                    "ApiGatewaytestdynamodelete01FCE1A5",
                    "Arn",
                  ],
                },
                "/invocations",
              ],
            ],
          },
        },
        "ResourceId": {
          "Ref": "ApiGatewaytestfinalstackrestapiid97EFAD39",
        },
        "RestApiId": {
          "Ref": "ApiGatewaytestfinalstackrestapiFE5C68A6",
        },
      },
      "Type": "AWS::ApiGateway::Method",
    },
    "ApiGatewaytestfinalstackrestapiidDELETEApiPermissionChapter8StackApiGatewaytestfinalstackrestapi4EB62DC1DELETEid6B013DA5": {
      "Properties": {
        "Action": "lambda:InvokeFunction",
        "FunctionName": {
          "Fn::GetAtt": [
            "ApiGatewaytestdynamodelete01FCE1A5",
            "Arn",
          ],
        },
        "Principal": "apigateway.amazonaws.com",
        "SourceArn": {
          "Fn::Join": [
            "",
            [
              "arn:",
              {
                "Ref": "AWS::Partition",
              },
              ":execute-api:us-east-1:721520867440:",
              {
                "Ref": "ApiGatewaytestfinalstackrestapiFE5C68A6",
              },
              "/",
              {
                "Ref": "ApiGatewaytestfinalstackrestapiDeploymentStagesetupci4051A32F",
              },
              "/DELETE/*",
            ],
          ],
        },
      },
      "Type": "AWS::Lambda::Permission",
    },
    "ApiGatewaytestfinalstackrestapiidDELETEApiPermissionTestChapter8StackApiGatewaytestfinalstackrestapi4EB62DC1DELETEidAD79A1BD": {
      "Properties": {
        "Action": "lambda:InvokeFunction",
        "FunctionName": {
          "Fn::GetAtt": [
            "ApiGatewaytestdynamodelete01FCE1A5",
            "Arn",
          ],
        },
        "Principal": "apigateway.amazonaws.com",
        "SourceArn": {
          "Fn::Join": [
            "",
            [
              "arn:",
              {
                "Ref": "AWS::Partition",
              },
              ":execute-api:us-east-1:721520867440:",
              {
                "Ref": "ApiGatewaytestfinalstackrestapiFE5C68A6",
              },
              "/test-invoke-stage/DELETE/*",
            ],
          ],
        },
      },
      "Type": "AWS::Lambda::Permission",
    },
    "ApiGatewaytestfinalstackrestapiidOPTIONSC71ADFA6": {
      "Properties": {
        "AuthorizationType": "NONE",
        "HttpMethod": "OPTIONS",
        "Integration": {
          "IntegrationResponses": [
            {
              "ResponseParameters": {
                "method.response.header.Access-Control-Allow-Headers": "'*'",
                "method.response.header.Access-Control-Allow-Methods": "'*'",
                "method.response.header.Access-Control-Allow-Origin": "'*'",
              },
              "StatusCode": "204",
            },
          ],
          "RequestTemplates": {
            "application/json": "{ statusCode: 200 }",
          },
          "Type": "MOCK",
        },
        "MethodResponses": [
          {
            "ResponseParameters": {
              "method.response.header.Access-Control-Allow-Headers": true,
              "method.response.header.Access-Control-Allow-Methods": true,
              "method.response.header.Access-Control-Allow-Origin": true,
            },
            "StatusCode": "204",
          },
        ],
        "ResourceId": {
          "Ref": "ApiGatewaytestfinalstackrestapiid97EFAD39",
        },
        "RestApiId": {
          "Ref": "ApiGatewaytestfinalstackrestapiFE5C68A6",
        },
      },
      "Type": "AWS::ApiGateway::Method",
    },
    "ApiGatewaytestfinalstackrestapiidPUT0E5F7CE5": {
      "Properties": {
        "AuthorizationType": "NONE",
        "HttpMethod": "PUT",
        "Integration": {
          "IntegrationHttpMethod": "POST",
          "Type": "AWS_PROXY",
          "Uri": {
            "Fn::Join": [
              "",
              [
                "arn:",
                {
                  "Ref": "AWS::Partition",
                },
                ":apigateway:us-east-1:lambda:path/2015-03-31/functions/",
                {
                  "Fn::GetAtt": [
                    "ApiGatewaytestdynamoputF5D32B22",
                    "Arn",
                  ],
                },
                "/invocations",
              ],
            ],
          },
        },
        "ResourceId": {
          "Ref": "ApiGatewaytestfinalstackrestapiid97EFAD39",
        },
        "RestApiId": {
          "Ref": "ApiGatewaytestfinalstackrestapiFE5C68A6",
        },
      },
      "Type": "AWS::ApiGateway::Method",
    },
    "ApiGatewaytestfinalstackrestapiidPUTApiPermissionChapter8StackApiGatewaytestfinalstackrestapi4EB62DC1PUTid52637BC2": {
      "Properties": {
        "Action": "lambda:InvokeFunction",
        "FunctionName": {
          "Fn::GetAtt": [
            "ApiGatewaytestdynamoputF5D32B22",
            "Arn",
          ],
        },
        "Principal": "apigateway.amazonaws.com",
        "SourceArn": {
          "Fn::Join": [
            "",
            [
              "arn:",
              {
                "Ref": "AWS::Partition",
              },
              ":execute-api:us-east-1:721520867440:",
              {
                "Ref": "ApiGatewaytestfinalstackrestapiFE5C68A6",
              },
              "/",
              {
                "Ref": "ApiGatewaytestfinalstackrestapiDeploymentStagesetupci4051A32F",
              },
              "/PUT/*",
            ],
          ],
        },
      },
      "Type": "AWS::Lambda::Permission",
    },
    "ApiGatewaytestfinalstackrestapiidPUTApiPermissionTestChapter8StackApiGatewaytestfinalstackrestapi4EB62DC1PUTidC5E7F514": {
      "Properties": {
        "Action": "lambda:InvokeFunction",
        "FunctionName": {
          "Fn::GetAtt": [
            "ApiGatewaytestdynamoputF5D32B22",
            "Arn",
          ],
        },
        "Principal": "apigateway.amazonaws.com",
        "SourceArn": {
          "Fn::Join": [
            "",
            [
              "arn:",
              {
                "Ref": "AWS::Partition",
              },
              ":execute-api:us-east-1:721520867440:",
              {
                "Ref": "ApiGatewaytestfinalstackrestapiFE5C68A6",
              },
              "/test-invoke-stage/PUT/*",
            ],
          ],
        },
      },
      "Type": "AWS::Lambda::Permission",
    },
    "ApiGatewaytesthealthchecklambdaC9F6C9EC": {
      "DependsOn": [
        "ApiGatewaytesthealthchecklambdaServiceRoleD38769B1",
      ],
      "Properties": {
        "Code": {
          "S3Bucket": "cdk-hnb659fds-assets-721520867440-us-east-1",
          "S3Key": "a46a5d441c6bd57d2d8963bc3aa1bad223acdcd5385ced3b3c5477ab2888e4bf.zip",
        },
        "Environment": {
          "Variables": {
            "AWS_NODEJS_CONNECTION_REUSE_ENABLED": "1",
          },
        },
        "Handler": "index.handler",
        "Role": {
          "Fn::GetAtt": [
            "ApiGatewaytesthealthchecklambdaServiceRoleD38769B1",
            "Arn",
          ],
        },
        "Runtime": "nodejs16.x",
        "Timeout": 30,
      },
      "Type": "AWS::Lambda::Function",
    },
    "ApiGatewaytesthealthchecklambdaLogRetentionEF38BD4B": {
      "Properties": {
        "LogGroupName": {
          "Fn::Join": [
            "",
            [
              "/aws/lambda/",
              {
                "Ref": "ApiGatewaytesthealthchecklambdaC9F6C9EC",
              },
            ],
          ],
        },
        "RetentionInDays": 14,
        "ServiceToken": {
          "Fn::GetAtt": [
            "LogRetentionaae0aa3c5b4d4f87b02d85b201efdd8aFD4BFC8A",
            "Arn",
          ],
        },
      },
      "Type": "Custom::LogRetention",
    },
    "ApiGatewaytesthealthchecklambdaServiceRoleD38769B1": {
      "Properties": {
        "AssumeRolePolicyDocument": {
          "Statement": [
            {
              "Action": "sts:AssumeRole",
              "Effect": "Allow",
              "Principal": {
                "Service": "lambda.amazonaws.com",
              },
            },
          ],
          "Version": "2012-10-17",
        },
        "ManagedPolicyArns": [
          {
            "Fn::Join": [
              "",
              [
                "arn:",
                {
                  "Ref": "AWS::Partition",
                },
                ":iam::aws:policy/service-role/AWSLambdaBasicExecutionRole",
              ],
            ],
          },
        ],
      },
      "Type": "AWS::IAM::Role",
    },
    "CertificateCertificateRequestorFunction5E845413": {
      "DependsOn": [
        "CertificateCertificateRequestorFunctionServiceRoleDefaultPolicy3C8845BC",
        "CertificateCertificateRequestorFunctionServiceRoleC04C13DA",
      ],
      "Properties": {
        "Code": {
          "S3Bucket": "cdk-hnb659fds-assets-721520867440-us-east-1",
          "S3Key": "8ddf29ab619460567d3cda58de2ff1bf0f6e95d8822ff630ec58a4d52ed1fa67.zip",
        },
        "Handler": "index.certificateRequestHandler",
        "Role": {
          "Fn::GetAtt": [
            "CertificateCertificateRequestorFunctionServiceRoleC04C13DA",
            "Arn",
          ],
        },
        "Runtime": "nodejs14.x",
        "Timeout": 900,
      },
      "Type": "AWS::Lambda::Function",
    },
    "CertificateCertificateRequestorFunctionServiceRoleC04C13DA": {
      "Properties": {
        "AssumeRolePolicyDocument": {
          "Statement": [
            {
              "Action": "sts:AssumeRole",
              "Effect": "Allow",
              "Principal": {
                "Service": "lambda.amazonaws.com",
              },
            },
          ],
          "Version": "2012-10-17",
        },
        "ManagedPolicyArns": [
          {
            "Fn::Join": [
              "",
              [
                "arn:",
                {
                  "Ref": "AWS::Partition",
                },
                ":iam::aws:policy/service-role/AWSLambdaBasicExecutionRole",
              ],
            ],
          },
        ],
      },
      "Type": "AWS::IAM::Role",
    },
    "CertificateCertificateRequestorFunctionServiceRoleDefaultPolicy3C8845BC": {
      "Properties": {
        "PolicyDocument": {
          "Statement": [
            {
              "Action": [
                "acm:RequestCertificate",
                "acm:DescribeCertificate",
                "acm:DeleteCertificate",
                "acm:AddTagsToCertificate",
              ],
              "Effect": "Allow",
              "Resource": "*",
            },
            {
              "Action": "route53:GetChange",
              "Effect": "Allow",
              "Resource": "*",
            },
            {
              "Action": "route53:changeResourceRecordSets",
              "Effect": "Allow",
              "Resource": {
                "Fn::Join": [
                  "",
                  [
                    "arn:",
                    {
                      "Ref": "AWS::Partition",
                    },
                    ":route53:::hostedzone/DUMMY",
                  ],
                ],
              },
            },
          ],
          "Version": "2012-10-17",
        },
        "PolicyName": "CertificateCertificateRequestorFunctionServiceRoleDefaultPolicy3C8845BC",
        "Roles": [
          {
            "Ref": "CertificateCertificateRequestorFunctionServiceRoleC04C13DA",
          },
        ],
      },
      "Type": "AWS::IAM::Policy",
    },
    "CertificateCertificateRequestorResource2890C6B7": {
      "DeletionPolicy": "Delete",
      "Properties": {
        "DomainName": "cdkbookmurat.click",
        "HostedZoneId": "DUMMY",
        "Region": "us-east-1",
        "ServiceToken": {
          "Fn::GetAtt": [
            "CertificateCertificateRequestorFunction5E845413",
            "Arn",
          ],
        },
        "SubjectAlternativeNames": [
          "*.cdkbookmurat.click",
        ],
      },
      "Type": "AWS::CloudFormation::CustomResource",
      "UpdateReplacePolicy": "Delete",
    },
    "CustomCDKBucketDeployment8693BB64968944B69AAFB0CC9EB8756C81C01536": {
      "DependsOn": [
        "CustomCDKBucketDeployment8693BB64968944B69AAFB0CC9EB8756CServiceRoleDefaultPolicy88902FDF",
        "CustomCDKBucketDeployment8693BB64968944B69AAFB0CC9EB8756CServiceRole89A01265",
      ],
      "Properties": {
        "Code": {
          "S3Bucket": "cdk-hnb659fds-assets-721520867440-us-east-1",
          "S3Key": "f98b78092dcdd31f5e6d47489beb5f804d4835ef86a8085d0a2053cb9ae711da.zip",
        },
        "Handler": "index.handler",
        "Layers": [
          {
            "Ref": "WebSiteBucketDeploymentAwsCliLayer8262A347",
          },
        ],
        "Role": {
          "Fn::GetAtt": [
            "CustomCDKBucketDeployment8693BB64968944B69AAFB0CC9EB8756CServiceRole89A01265",
            "Arn",
          ],
        },
        "Runtime": "python3.7",
        "Timeout": 900,
      },
      "Type": "AWS::Lambda::Function",
    },
    "CustomCDKBucketDeployment8693BB64968944B69AAFB0CC9EB8756CServiceRole89A01265": {
      "Properties": {
        "AssumeRolePolicyDocument": {
          "Statement": [
            {
              "Action": "sts:AssumeRole",
              "Effect": "Allow",
              "Principal": {
                "Service": "lambda.amazonaws.com",
              },
            },
          ],
          "Version": "2012-10-17",
        },
        "ManagedPolicyArns": [
          {
            "Fn::Join": [
              "",
              [
                "arn:",
                {
                  "Ref": "AWS::Partition",
                },
                ":iam::aws:policy/service-role/AWSLambdaBasicExecutionRole",
              ],
            ],
          },
        ],
      },
      "Type": "AWS::IAM::Role",
    },
    "CustomCDKBucketDeployment8693BB64968944B69AAFB0CC9EB8756CServiceRoleDefaultPolicy88902FDF": {
      "Properties": {
        "PolicyDocument": {
          "Statement": [
            {
              "Action": [
                "s3:GetObject*",
                "s3:GetBucket*",
                "s3:List*",
              ],
              "Effect": "Allow",
              "Resource": [
                {
                  "Fn::Join": [
                    "",
                    [
                      "arn:",
                      {
                        "Ref": "AWS::Partition",
                      },
                      ":s3:::cdk-hnb659fds-assets-721520867440-us-east-1",
                    ],
                  ],
                },
                {
                  "Fn::Join": [
                    "",
                    [
                      "arn:",
                      {
                        "Ref": "AWS::Partition",
                      },
                      ":s3:::cdk-hnb659fds-assets-721520867440-us-east-1/*",
                    ],
                  ],
                },
              ],
            },
            {
              "Action": [
                "s3:GetObject*",
                "s3:GetBucket*",
                "s3:List*",
                "s3:DeleteObject*",
                "s3:PutObject",
                "s3:PutObjectLegalHold",
                "s3:PutObjectRetention",
                "s3:PutObjectTagging",
                "s3:PutObjectVersionTagging",
                "s3:Abort*",
              ],
              "Effect": "Allow",
              "Resource": [
                {
                  "Fn::GetAtt": [
                    "webbuckettest9f86d081AAD42002",
                    "Arn",
                  ],
                },
                {
                  "Fn::Join": [
                    "",
                    [
                      {
                        "Fn::GetAtt": [
                          "webbuckettest9f86d081AAD42002",
                          "Arn",
                        ],
                      },
                      "/*",
                    ],
                  ],
                },
              ],
            },
          ],
          "Version": "2012-10-17",
        },
        "PolicyName": "CustomCDKBucketDeployment8693BB64968944B69AAFB0CC9EB8756CServiceRoleDefaultPolicy88902FDF",
        "Roles": [
          {
            "Ref": "CustomCDKBucketDeployment8693BB64968944B69AAFB0CC9EB8756CServiceRole89A01265",
          },
        ],
      },
      "Type": "AWS::IAM::Policy",
    },
    "CustomDynamodbSeederCustomDynamodbSeeder3D3D7F10": {
      "DependsOn": [
        "CustomDynamodbSeederCustomDynamodbSeederServiceRoleDefaultPolicy6C04255C",
        "CustomDynamodbSeederCustomDynamodbSeederServiceRole5FC6AEF8",
      ],
      "Properties": {
        "Code": {
          "S3Bucket": "cdk-hnb659fds-assets-721520867440-us-east-1",
          "S3Key": "5a4b935f782c9cd054339f7b9db58ed262362c2647032bbaa4a0ca425ad26871.zip",
        },
        "Handler": "index.handler",
        "Role": {
          "Fn::GetAtt": [
            "CustomDynamodbSeederCustomDynamodbSeederServiceRole5FC6AEF8",
            "Arn",
          ],
        },
        "Runtime": "nodejs14.x",
        "Timeout": 900,
      },
      "Type": "AWS::Lambda::Function",
    },
    "CustomDynamodbSeederCustomDynamodbSeederServiceRole5FC6AEF8": {
      "Properties": {
        "AssumeRolePolicyDocument": {
          "Statement": [
            {
              "Action": "sts:AssumeRole",
              "Effect": "Allow",
              "Principal": {
                "Service": "lambda.amazonaws.com",
              },
            },
          ],
          "Version": "2012-10-17",
        },
        "ManagedPolicyArns": [
          {
            "Fn::Join": [
              "",
              [
                "arn:",
                {
                  "Ref": "AWS::Partition",
                },
                ":iam::aws:policy/service-role/AWSLambdaBasicExecutionRole",
              ],
            ],
          },
        ],
      },
      "Type": "AWS::IAM::Role",
    },
    "CustomDynamodbSeederCustomDynamodbSeederServiceRoleDefaultPolicy6C04255C": {
      "Properties": {
        "PolicyDocument": {
          "Statement": [
            {
              "Action": "dynamodb:BatchWriteItem",
              "Effect": "Allow",
              "Resource": {
                "Fn::GetAtt": [
                  "DynamotestDynamoTabletestFDC1D2D6",
                  "Arn",
                ],
              },
            },
          ],
          "Version": "2012-10-17",
        },
        "PolicyName": "CustomDynamodbSeederCustomDynamodbSeederServiceRoleDefaultPolicy6C04255C",
        "Roles": [
          {
            "Ref": "CustomDynamodbSeederCustomDynamodbSeederServiceRole5FC6AEF8",
          },
        ],
      },
      "Type": "AWS::IAM::Policy",
    },
    "CustomS3AutoDeleteObjectsCustomResourceProviderHandler9D90184F": {
      "DependsOn": [
        "CustomS3AutoDeleteObjectsCustomResourceProviderRole3B1BD092",
      ],
      "Properties": {
        "Code": {
          "S3Bucket": "cdk-hnb659fds-assets-721520867440-us-east-1",
          "S3Key": "e57c1acaa363d7d2b81736776007a7091bc73dff4aeb8135627c4511a51e7dca.zip",
        },
        "Description": {
          "Fn::Join": [
            "",
            [
              "Lambda function for auto-deleting objects in ",
              {
                "Ref": "webbuckettest9f86d081AAD42002",
              },
              " S3 bucket.",
            ],
          ],
        },
        "Handler": "__entrypoint__.handler",
        "MemorySize": 128,
        "Role": {
          "Fn::GetAtt": [
            "CustomS3AutoDeleteObjectsCustomResourceProviderRole3B1BD092",
            "Arn",
          ],
        },
        "Runtime": "nodejs14.x",
        "Timeout": 900,
      },
      "Type": "AWS::Lambda::Function",
    },
    "CustomS3AutoDeleteObjectsCustomResourceProviderRole3B1BD092": {
      "Properties": {
        "AssumeRolePolicyDocument": {
          "Statement": [
            {
              "Action": "sts:AssumeRole",
              "Effect": "Allow",
              "Principal": {
                "Service": "lambda.amazonaws.com",
              },
            },
          ],
          "Version": "2012-10-17",
        },
        "ManagedPolicyArns": [
          {
            "Fn::Sub": "arn:\${AWS::Partition}:iam::aws:policy/service-role/AWSLambdaBasicExecutionRole",
          },
        ],
      },
      "Type": "AWS::IAM::Role",
    },
    "DynamotestDynamoInlineSeedertestCustomResource4ED60FE0": {
      "DeletionPolicy": "Delete",
      "Properties": {
        "Seeds": {
          "InlineSeeds": "[{"id":"69b4c0bf-17ac-4560-b606-07320957058b","todo_name":"First todo","todo_description":"That's a todo for demonstration purposes","todo_completed":true}]",
        },
        "ServiceToken": {
          "Fn::GetAtt": [
            "CustomDynamodbSeederCustomDynamodbSeeder3D3D7F10",
            "Arn",
          ],
        },
        "TableName": {
          "Ref": "DynamotestDynamoTabletestFDC1D2D6",
        },
      },
      "Type": "Custom::DynamodbSeeder",
      "UpdateReplacePolicy": "Delete",
    },
    "DynamotestDynamoTabletestFDC1D2D6": {
      "DeletionPolicy": "Delete",
      "Properties": {
        "AttributeDefinitions": [
          {
            "AttributeName": "id",
            "AttributeType": "S",
          },
        ],
        "BillingMode": "PAY_PER_REQUEST",
        "KeySchema": [
          {
            "AttributeName": "id",
            "KeyType": "HASH",
          },
        ],
        "TableName": "todolist-test",
      },
      "Type": "AWS::DynamoDB::Table",
      "UpdateReplacePolicy": "Delete",
    },
    "FrontendAliasRecordtestC1E84708": {
      "Properties": {
        "AliasTarget": {
          "DNSName": {
            "Fn::GetAtt": [
              "FrontendDistributiontest4E4F0DEB",
              "DomainName",
            ],
          },
          "HostedZoneId": {
            "Fn::FindInMap": [
              "AWSCloudFrontPartitionHostedZoneIdMap",
              {
                "Ref": "AWS::Partition",
              },
              "zoneId",
            ],
          },
        },
        "HostedZoneId": "DUMMY",
        "Name": "setup-ci-frontend-cdk-book.cdkbookmurat.click.",
        "Type": "A",
      },
      "Type": "AWS::Route53::RecordSet",
    },
    "FrontendDistributiontest4E4F0DEB": {
      "Properties": {
        "DistributionConfig": {
          "Aliases": [
            "setup-ci-frontend-cdk-book.cdkbookmurat.click",
          ],
          "DefaultCacheBehavior": {
            "CachePolicyId": "658327ea-f89d-4fab-a63d-7e88639e58f6",
            "Compress": true,
            "TargetOriginId": "Chapter8StackFrontendDistributiontestOrigin189C281E9",
            "ViewerProtocolPolicy": "redirect-to-https",
          },
          "DefaultRootObject": "index.html",
          "Enabled": true,
          "HttpVersion": "http2",
          "IPV6Enabled": true,
          "Origins": [
            {
              "CustomOriginConfig": {
                "OriginProtocolPolicy": "http-only",
                "OriginSSLProtocols": [
                  "TLSv1.2",
                ],
              },
              "DomainName": {
                "Fn::Select": [
                  2,
                  {
                    "Fn::Split": [
                      "/",
                      {
                        "Fn::GetAtt": [
                          "webbuckettest9f86d081AAD42002",
                          "WebsiteURL",
                        ],
                      },
                    ],
                  },
                ],
              },
              "Id": "Chapter8StackFrontendDistributiontestOrigin189C281E9",
            },
          ],
          "ViewerCertificate": {
            "AcmCertificateArn": {
              "Fn::GetAtt": [
                "CertificateCertificateRequestorResource2890C6B7",
                "Arn",
              ],
            },
            "MinimumProtocolVersion": "TLSv1.2_2021",
            "SslSupportMethod": "sni-only",
          },
        },
      },
      "Type": "AWS::CloudFront::Distribution",
    },
    "LogRetentionaae0aa3c5b4d4f87b02d85b201efdd8aFD4BFC8A": {
      "DependsOn": [
        "LogRetentionaae0aa3c5b4d4f87b02d85b201efdd8aServiceRoleDefaultPolicyADDA7DEB",
        "LogRetentionaae0aa3c5b4d4f87b02d85b201efdd8aServiceRole9741ECFB",
      ],
      "Properties": {
        "Code": {
          "S3Bucket": "cdk-hnb659fds-assets-721520867440-us-east-1",
          "S3Key": "ae967c277459e8936ac565a71d34ea5dcff7b98e556466c36a4d6da023a2d9aa.zip",
        },
        "Handler": "index.handler",
        "Role": {
          "Fn::GetAtt": [
            "LogRetentionaae0aa3c5b4d4f87b02d85b201efdd8aServiceRole9741ECFB",
            "Arn",
          ],
        },
        "Runtime": "nodejs14.x",
      },
      "Type": "AWS::Lambda::Function",
    },
    "LogRetentionaae0aa3c5b4d4f87b02d85b201efdd8aServiceRole9741ECFB": {
      "Properties": {
        "AssumeRolePolicyDocument": {
          "Statement": [
            {
              "Action": "sts:AssumeRole",
              "Effect": "Allow",
              "Principal": {
                "Service": "lambda.amazonaws.com",
              },
            },
          ],
          "Version": "2012-10-17",
        },
        "ManagedPolicyArns": [
          {
            "Fn::Join": [
              "",
              [
                "arn:",
                {
                  "Ref": "AWS::Partition",
                },
                ":iam::aws:policy/service-role/AWSLambdaBasicExecutionRole",
              ],
            ],
          },
        ],
      },
      "Type": "AWS::IAM::Role",
    },
    "LogRetentionaae0aa3c5b4d4f87b02d85b201efdd8aServiceRoleDefaultPolicyADDA7DEB": {
      "Properties": {
        "PolicyDocument": {
          "Statement": [
            {
              "Action": [
                "logs:PutRetentionPolicy",
                "logs:DeleteRetentionPolicy",
              ],
              "Effect": "Allow",
              "Resource": "*",
            },
          ],
          "Version": "2012-10-17",
        },
        "PolicyName": "LogRetentionaae0aa3c5b4d4f87b02d85b201efdd8aServiceRoleDefaultPolicyADDA7DEB",
        "Roles": [
          {
            "Ref": "LogRetentionaae0aa3c5b4d4f87b02d85b201efdd8aServiceRole9741ECFB",
          },
        ],
      },
      "Type": "AWS::IAM::Policy",
    },
    "WebSiteBucketDeploymentAwsCliLayer8262A347": {
      "Properties": {
        "Content": {
          "S3Bucket": "cdk-hnb659fds-assets-721520867440-us-east-1",
          "S3Key": "d21f8b6ad7cafde52be800b4bc2704085a5402ea7401fa71bd8f1e3f995c6068.zip",
        },
        "Description": "/opt/awscli/aws",
      },
      "Type": "AWS::Lambda::LayerVersion",
    },
    "WebSiteBucketDeploymentCustomResource7764ACBB": {
      "DeletionPolicy": "Delete",
      "Properties": {
        "DestinationBucketName": {
          "Ref": "webbuckettest9f86d081AAD42002",
        },
        "Prune": true,
        "ServiceToken": {
          "Fn::GetAtt": [
            "CustomCDKBucketDeployment8693BB64968944B69AAFB0CC9EB8756C81C01536",
            "Arn",
          ],
        },
        "SourceBucketNames": [
          "cdk-hnb659fds-assets-721520867440-us-east-1",
        ],
        "SourceObjectKeys": [
          "d31ba4d8db5e2d29c24ac7fcf9bf58ac3b1604edd300c7af401645d3689eb7c7.zip",
        ],
      },
      "Type": "Custom::CDKBucketDeployment",
      "UpdateReplacePolicy": "Delete",
    },
    "webbuckettest9f86d081AAD42002": {
      "DeletionPolicy": "Delete",
      "Properties": {
        "AccessControl": "BucketOwnerFullControl",
        "BucketName": "web-bucket-akemxdjqkl666-test-9f86d081",
        "PublicAccessBlockConfiguration": {
          "BlockPublicAcls": true,
          "IgnorePublicAcls": true,
        },
        "Tags": [
          {
            "Key": "aws-cdk:auto-delete-objects",
            "Value": "true",
          },
          {
            "Key": "aws-cdk:cr-owned:5dae34f9",
            "Value": "true",
          },
        ],
        "WebsiteConfiguration": {
          "ErrorDocument": "index.html",
          "IndexDocument": "index.html",
        },
      },
      "Type": "AWS::S3::Bucket",
      "UpdateReplacePolicy": "Delete",
    },
    "webbuckettest9f86d081AutoDeleteObjectsCustomResource0C12BF05": {
      "DeletionPolicy": "Delete",
      "DependsOn": [
        "webbuckettest9f86d081PolicyBF93536C",
      ],
      "Properties": {
        "BucketName": {
          "Ref": "webbuckettest9f86d081AAD42002",
        },
        "ServiceToken": {
          "Fn::GetAtt": [
            "CustomS3AutoDeleteObjectsCustomResourceProviderHandler9D90184F",
            "Arn",
          ],
        },
      },
      "Type": "Custom::S3AutoDeleteObjects",
      "UpdateReplacePolicy": "Delete",
    },
    "webbuckettest9f86d081PolicyBF93536C": {
      "Properties": {
        "Bucket": {
          "Ref": "webbuckettest9f86d081AAD42002",
        },
        "PolicyDocument": {
          "Statement": [
            {
              "Action": "s3:GetObject",
              "Effect": "Allow",
              "Principal": {
                "AWS": "*",
              },
              "Resource": {
                "Fn::Join": [
                  "",
                  [
                    {
                      "Fn::GetAtt": [
                        "webbuckettest9f86d081AAD42002",
                        "Arn",
                      ],
                    },
                    "/*",
                  ],
                ],
              },
            },
            {
              "Action": [
                "s3:GetBucket*",
                "s3:List*",
                "s3:DeleteObject*",
              ],
              "Effect": "Allow",
              "Principal": {
                "AWS": {
                  "Fn::GetAtt": [
                    "CustomS3AutoDeleteObjectsCustomResourceProviderRole3B1BD092",
                    "Arn",
                  ],
                },
              },
              "Resource": [
                {
                  "Fn::GetAtt": [
                    "webbuckettest9f86d081AAD42002",
                    "Arn",
                  ],
                },
                {
                  "Fn::Join": [
                    "",
                    [
                      {
                        "Fn::GetAtt": [
                          "webbuckettest9f86d081AAD42002",
                          "Arn",
                        ],
                      },
                      "/*",
                    ],
                  ],
                },
              ],
            },
          ],
          "Version": "2012-10-17",
        },
      },
      "Type": "AWS::S3::BucketPolicy",
    },
  },
  "Rules": {
    "CheckBootstrapVersion": {
      "Assertions": [
        {
          "Assert": {
            "Fn::Not": [
              {
                "Fn::Contains": [
                  [
                    "1",
                    "2",
                    "3",
                    "4",
                    "5",
                  ],
                  {
                    "Ref": "BootstrapVersion",
                  },
                ],
              },
            ],
          },
          "AssertDescription": "CDK bootstrap stack version 6 required. Please run 'cdk bootstrap' with a recent version of the CDK CLI.",
        },
      ],
    },
  },
}
`;
